// Bun Snapshot v1, https://goo.gl/fbAQLP

exports[`with get and post 1`] = `
"export function validateRequest(request, context) {
    return new ValidationError([], 'no operation match path');
}
class ValidationError extends Error {
    constructor(path, message) {
        super(message);
        this.path = path;
    }
}
function obj1(path, value, context) {
    if (value.body !== undefined) {
        return new ValidationError(path, 'body is not allowed');
    }
    return value;
}
function obj4(path, value, context) {
    if (typeof value !== 'number') {
        return new ValidationError(path, 'expected a number');
    }
    return value;
}
function obj3(path, value, context) {
    if (typeof value !== 'object' || value === null) {
        return new ValidationError(path, 'expected an object');
    }
    const keys = new Set(Object.keys(value));
    const value0 = value['foo'];
    if (value0 !== undefined) {
        const result0 = obj4([
            ...path,
            'foo'
        ], value0, context);
        if (result0 instanceof ValidationError) {
            return result0;
        }
        value['foo'] = result0;
        keys.delete('foo');
    }
    if (keys.size > 0) {
        return new ValidationError(path, 'unexpected properties');
    }
    return value;
}
function obj2(path, value, context) {
    if (value.body === undefined) {
        return new ValidationError(path, 'body is required');
    }
    const body = obj3([
        ...path,
        'body'
    ], value.body);
    if (body instanceof ValidationError) {
        return body;
    } else {
        value.body = body;
    }
    return value;
}
function obj0(path, value, context) {
    if (value.method === 'get') {
        return obj1(path, value, context);
    }
    if (value.method === 'post') {
        return obj2(path, value, context);
    }
    return new ValidationError(path, 'method not supported');
}"
`;
