// Bun Snapshot v1, https://goo.gl/fbAQLP

exports[`components ref 1`] = `
"class ValidationError {
    constructor(path, message) {
        super(message);
        this.path = path;
    }
}
function obj0(path, value) {
    if (!(typeof value === 'number')) {
        return new ValidationError(path, 'Expected a number');
    }
    return value;
}
function obj2(path, value) {
    if (!(typeof value === 'string')) {
        return new ValidationError(path, 'Expected a string');
    }
    return value;
}
function obj1(path, value) {
    const keys = new Set(Object.keys(value));
    const value0 = value['foo'];
    if (value0 !== undefined) {
        const result0 = obj2([
            ...path,
            'foo'
        ], value0);
        if (result0 instanceof ValidationError) {
            return result0;
        }
        value['foo'] = result0;
    }
    const value1 = value['bar'];
    if (value1 !== undefined) {
        const result1 = obj0([
            ...path,
            'bar'
        ], value1);
        if (result1 instanceof ValidationError) {
            return result1;
        }
        value['bar'] = result1;
    }
    if (keys.size > 0) {
        return new ValidationError(path, 'Unexpected properties');
    }
    return value;
}"
`;
